[    0.000000] Initializing cgroup subsys cpuset
[    0.000000] Initializing cgroup subsys cpu
[    0.000000] Initializing cgroup subsys cpuacct
[    0.000000] Linux version 4.4.0-177-generic (buildd@lgw01-amd64-035) (gcc version 5.4.0 20160609 (Ubuntu 5.4.0-6ubuntu1~16.04.12) ) #207-Ubuntu SMP Mon Mar 16 01:16:10 UTC 2020 (Ubuntu 4.4.0-177.207-generic 4.4.214)
[    0.000000] Command line: BOOT_IMAGE=/boot/vmlinuz-4.4.0-177-generic root=UUID=30dd85e6-29db-4098-9c03-0a7f8d66e629 ro console=tty1 console=ttyS0
[    0.000000] KERNEL supported cpus:
[    0.000000]   Intel GenuineIntel
[    0.000000]   AMD AuthenticAMD
[    0.000000]   Centaur CentaurHauls
[    0.000000] x86/fpu: xstate_offset[2]:  576, xstate_sizes[2]:  256
[    0.000000] x86/fpu: Supporting XSAVE feature 0x01: 'x87 floating point registers'
[    0.000000] x86/fpu: Supporting XSAVE feature 0x02: 'SSE registers'
[    0.000000] x86/fpu: Supporting XSAVE feature 0x04: 'AVX registers'
[    0.000000] x86/fpu: Enabled xstate features 0x7, context size is 832 bytes, using 'standard' format.
[    0.000000] e820: BIOS-provided physical RAM map:
[    0.000000] BIOS-e820: [mem 0x0000000000000000-0x000000000009fbff] usable
[    0.000000] BIOS-e820: [mem 0x000000000009fc00-0x000000000009ffff] reserved
[    0.000000] BIOS-e820: [mem 0x00000000000f0000-0x00000000000fffff] reserved
[    0.000000] BIOS-e820: [mem 0x0000000000100000-0x000000003ffeffff] usable
[    0.000000] BIOS-e820: [mem 0x000000003fff0000-0x000000003fffffff] ACPI data
[    0.000000] BIOS-e820: [mem 0x00000000fec00000-0x00000000fec00fff] reserved
[    0.000000] BIOS-e820: [mem 0x00000000fee00000-0x00000000fee00fff] reserved
[    0.000000] BIOS-e820: [mem 0x00000000fffc0000-0x00000000ffffffff] reserved
[    0.000000] NX (Execute Disable) protection: active
[    0.000000] SMBIOS 2.5 present.
[    0.000000] Hypervisor detected: KVM
[    0.000000] e820: last_pfn = 0x3fff0 max_arch_pfn = 0x400000000
[    0.000000] MTRR: Disabled
[    0.000000] x86/PAT: MTRRs disabled, skipping PAT initialization too.
[    0.000000] CPU MTRRs all blank - virtualized system.
[    0.000000] x86/PAT: Configuration [0-7]: WB  WT  UC- UC  WB  WT  UC- UC  
[    0.000000] found SMP MP-table at [mem 0x0009fff0-0x0009ffff] mapped at [ffff88000009fff0]
[    0.000000] Scanning 1 areas for low memory corruption
[    0.000000] RAMDISK: [mem 0x361ce000-0x370defff]
[    0.000000] ACPI: Early table checksum verification disabled
[    0.000000] ACPI: RSDP 0x00000000000E0000 000024 (v02 VBOX  )
[    0.000000] ACPI: XSDT 0x000000003FFF0030 00003C (v01 VBOX   VBOXXSDT 00000001 ASL  00000061)
[    0.000000] ACPI: FACP 0x000000003FFF00F0 0000F4 (v04 VBOX   VBOXFACP 00000001 ASL  00000061)
[    0.000000] ACPI: DSDT 0x000000003FFF0470 002325 (v02 VBOX   VBOXBIOS 00000002 INTL 20100528)
[    0.000000] ACPI: FACS 0x000000003FFF0200 000040
[    0.000000] ACPI: FACS 0x000000003FFF0200 000040
[    0.000000] ACPI: APIC 0x000000003FFF0240 00005C (v02 VBOX   VBOXAPIC 00000001 ASL  00000061)
[    0.000000] ACPI: SSDT 0x000000003FFF02A0 0001CC (v01 VBOX   VBOXCPUT 00000002 INTL 20100528)
[    0.000000] No NUMA configuration found
[    0.000000] Faking a node at [mem 0x0000000000000000-0x000000003ffeffff]
[    0.000000] NODE_DATA(0) allocated [mem 0x3ffeb000-0x3ffeffff]
[    0.000000] kvm-clock: Using msrs 4b564d01 and 4b564d00
[    0.000000] kvm-clock: cpu 0, msr 0:3ffe3001, primary cpu clock
[    0.000000] kvm-clock: using sched offset of 5102857845 cycles
[    0.000000] clocksource: kvm-clock: mask: 0xffffffffffffffff max_cycles: 0x1cd42e4dffb, max_idle_ns: 881590591483 ns
[    0.000000] Zone ranges:
[    0.000000]   DMA      [mem 0x0000000000001000-0x0000000000ffffff]
[    0.000000]   DMA32    [mem 0x0000000001000000-0x000000003ffeffff]
[    0.000000]   Normal   empty
[    0.000000]   Device   empty
[    0.000000] Movable zone start for each node
[    0.000000] Early memory node ranges
[    0.000000]   node   0: [mem 0x0000000000001000-0x000000000009efff]
[    0.000000]   node   0: [mem 0x0000000000100000-0x000000003ffeffff]
[    0.000000] Initmem setup node 0 [mem 0x0000000000001000-0x000000003ffeffff]
[    0.000000] ACPI: PM-Timer IO Port: 0x4008
[    0.000000] IOAPIC[0]: apic_id 2, version 32, address 0xfec00000, GSI 0-23
[    0.000000] ACPI: INT_SRC_OVR (bus 0 bus_irq 0 global_irq 2 dfl dfl)
[    0.000000] ACPI: INT_SRC_OVR (bus 0 bus_irq 9 global_irq 9 low level)
[    0.000000] Using ACPI (MADT) for SMP configuration information
[    0.000000] smpboot: Allowing 2 CPUs, 0 hotplug CPUs
[    0.000000] PM: Registered nosave memory: [mem 0x00000000-0x00000fff]
[    0.000000] PM: Registered nosave memory: [mem 0x0009f000-0x0009ffff]
[    0.000000] PM: Registered nosave memory: [mem 0x000a0000-0x000effff]
[    0.000000] PM: Registered nosave memory: [mem 0x000f0000-0x000fffff]
[    0.000000] e820: [mem 0x40000000-0xfebfffff] available for PCI devices
[    0.000000] Booting paravirtualized kernel on KVM
[    0.000000] clocksource: refined-jiffies: mask: 0xffffffff max_cycles: 0xffffffff, max_idle_ns: 7645519600211568 ns
[    0.000000] setup_percpu: NR_CPUS:512 nr_cpumask_bits:512 nr_cpu_ids:2 nr_node_ids:1
[    0.000000] PERCPU: Embedded 33 pages/cpu @ffff88003fc00000 s95448 r8192 d31528 u1048576
[    0.000000] Built 1 zonelists in Node order, mobility grouping on.  Total pages: 257912
[    0.000000] Policy zone: DMA32
[    0.000000] Kernel command line: BOOT_IMAGE=/boot/vmlinuz-4.4.0-177-generic root=UUID=30dd85e6-29db-4098-9c03-0a7f8d66e629 ro console=tty1 console=ttyS0
[    0.000000] PID hash table entries: 4096 (order: 3, 32768 bytes)
[    0.000000] Memory: 997124K/1048120K available (8626K kernel code, 1336K rwdata, 4036K rodata, 1488K init, 1292K bss, 50996K reserved, 0K cma-reserved)
[    0.000000] SLUB: HWalign=64, Order=0-3, MinObjects=0, CPUs=2, Nodes=1
[    0.000000] Kernel/User page tables isolation: enabled
[    0.000000] Hierarchical RCU implementation.
[    0.000000] 	Build-time adjustment of leaf fanout to 64.
[    0.000000] 	RCU restricting CPUs from NR_CPUS=512 to nr_cpu_ids=2.
[    0.000000] RCU: Adjusting geometry for rcu_fanout_leaf=64, nr_cpu_ids=2
[    0.000000] NR_IRQS:33024 nr_irqs:440 16
[    0.000000] Console: colour VGA+ 80x25
[    0.000000] console [tty1] enabled
[    0.000000] console [ttyS0] enabled
[    0.000000] tsc: Detected 2904.002 MHz processor
[    0.251070] Calibrating delay loop (skipped) preset value.. 5808.00 BogoMIPS (lpj=11616008)
[    0.254035] pid_max: default: 32768 minimum: 301
[    0.255401] ACPI: Core revision 20150930
[    0.259121] ACPI: 2 ACPI AML tables successfully acquired and loaded
[    0.261662] Security Framework initialized
[    0.262900] Yama: becoming mindful.
[    0.264029] AppArmor: AppArmor initialized
[    0.265348] Dentry cache hash table entries: 131072 (order: 8, 1048576 bytes)
[    0.271258] Inode-cache hash table entries: 65536 (order: 7, 524288 bytes)
[    0.273160] Mount-cache hash table entries: 2048 (order: 2, 16384 bytes)
[    0.275011] Mountpoint-cache hash table entries: 2048 (order: 2, 16384 bytes)
[    0.277204] Initializing cgroup subsys io
[    0.278842] Initializing cgroup subsys memory
[    0.280124] Initializing cgroup subsys devices
[    0.281415] Initializing cgroup subsys freezer
[    0.282747] Initializing cgroup subsys net_cls
[    0.284030] Initializing cgroup subsys perf_event
[    0.285895] Initializing cgroup subsys net_prio
[    0.287225] Initializing cgroup subsys hugetlb
[    0.288541] Initializing cgroup subsys pids
[    0.291320] mce: CPU supports 0 MCE banks
[    0.293152] Last level iTLB entries: 4KB 64, 2MB 8, 4MB 8
[    0.294718] Last level dTLB entries: 4KB 64, 2MB 0, 4MB 0, 1GB 4
[    0.296296] Spectre V1 : Mitigation: usercopy/swapgs barriers and __user pointer sanitization
[    0.298778] Spectre V2 : Mitigation: Full generic retpoline
[    0.300289] Spectre V2 : Spectre v2 / SpectreRSB mitigation: Filling RSB on context switch
[    0.303217] Speculative Store Bypass: Vulnerable
[    0.304814] MDS: Vulnerable: Clear CPU buffers attempted, no microcode
[    0.310886] Freeing SMP alternatives memory: 36K
[    0.321027] ftrace: allocating 32304 entries in 127 pages
[    0.430702] smpboot: APIC(0) Converting physical 0 to logical package 0
[    0.434373] smpboot: Max logical packages: 1
[    0.437439] x2apic enabled
[    0.439293] Switched APIC routing to physical x2apic.
[    0.444976] ..TIMER: vector=0x30 apic1=0 pin1=2 apic2=-1 pin2=-1
[    0.555901] smpboot: CPU0: Intel(R) Core(TM) i7-7500U CPU @ 2.70GHz (family: 0x6, model: 0x8e, stepping: 0x9)
[    0.559566] Performance Events: unsupported p6 CPU model 142 no PMU driver, software events only.
[    0.575475] KVM setup paravirtual spinlock
[    0.577309] x86: Booting SMP configuration:
[    0.578292] .... node  #0, CPUs:      #1
[    0.579265] kvm-clock: cpu 1, msr 0:3ffe3041, secondary cpu clock
[    0.581394] mce: CPU supports 0 MCE banks
[    0.585462] x86: Booted up 1 node, 2 CPUs
[    0.587236] smpboot: Total of 2 processors activated (11616.00 BogoMIPS)
[    0.589095] devtmpfs: initialized
[    0.594929] evm: security.selinux
[    0.596215] evm: security.SMACK64
[    0.597284] evm: security.SMACK64EXEC
[    0.598588] evm: security.SMACK64TRANSMUTE
[    0.600041] evm: security.SMACK64MMAP
[    0.601515] evm: security.ima
[    0.602564] evm: security.capability
[    0.603642] clocksource: jiffies: mask: 0xffffffff max_cycles: 0xffffffff, max_idle_ns: 7645041785100000 ns
[    0.606305] futex hash table entries: 512 (order: 3, 32768 bytes)
[    0.608035] pinctrl core: initialized pinctrl subsystem
[    0.609277] RTC time:  9:19:35, date: 04/29/20
[    0.610500] NET: Registered protocol family 16
[    0.622489] cpuidle: using governor ladder
[    0.634191] cpuidle: using governor menu
[    0.635623] PCCT header not found.
[    0.637105] ACPI: bus type PCI registered
[    0.638493] acpiphp: ACPI Hot Plug PCI Controller Driver version: 0.5
[    0.640868] PCI: Using configuration type 1 for base access
[    0.653429] ACPI: Added _OSI(Module Device)
[    0.654903] ACPI: Added _OSI(Processor Device)
[    0.656448] ACPI: Added _OSI(3.0 _SCP Extensions)
[    0.657851] ACPI: Added _OSI(Processor Aggregator Device)
[    0.660148] ACPI: Executed 1 blocks of module-level executable AML code
[    0.664202] ACPI: Interpreter enabled
[    0.665569] ACPI: (supports S0 S5)
[    0.667056] ACPI: Using IOAPIC for interrupt routing
[    0.668838] PCI: Using host bridge windows from ACPI; if necessary, use "pci=nocrs" and report a bug
[    0.676360] ACPI: PCI Root Bridge [PCI0] (domain 0000 [bus 00-ff])
[    0.677989] acpi PNP0A03:00: _OSC: OS supports [ASPM ClockPM Segments MSI]
[    0.680209] acpi PNP0A03:00: _OSC: not requesting OS control; OS requires [ExtendedConfig ASPM ClockPM MSI]
[    0.682673] acpi PNP0A03:00: fail to add MMCONFIG information, can't access extended PCI configuration space under this bridge.
[    0.687134] PCI host bridge to bus 0000:00
[    0.688302] pci_bus 0000:00: root bus resource [io  0x0000-0x0cf7 window]
[    0.690439] pci_bus 0000:00: root bus resource [io  0x0d00-0xffff window]
[    0.692567] pci_bus 0000:00: root bus resource [mem 0x000a0000-0x000bffff window]
[    0.695214] pci_bus 0000:00: root bus resource [mem 0x40000000-0xfdffffff window]
[    0.698000] pci_bus 0000:00: root bus resource [bus 00-ff]
[    0.701762] pci 0000:00:01.1: legacy IDE quirk: reg 0x10: [io  0x01f0-0x01f7]
[    0.704002] pci 0000:00:01.1: legacy IDE quirk: reg 0x14: [io  0x03f6]
[    0.706109] pci 0000:00:01.1: legacy IDE quirk: reg 0x18: [io  0x0170-0x0177]
[    0.707994] pci 0000:00:01.1: legacy IDE quirk: reg 0x1c: [io  0x0376]
[    0.740304] pci 0000:00:07.0: quirk: [io  0x4000-0x403f] claimed by PIIX4 ACPI
[    0.742563] pci 0000:00:07.0: quirk: [io  0x4100-0x410f] claimed by PIIX4 SMB
[    0.755898] ACPI: PCI Interrupt Link [LNKA] (IRQs 5 9 10 *11)
[    0.758335] ACPI: PCI Interrupt Link [LNKB] (IRQs 5 9 *10 11)
[    0.760537] ACPI: PCI Interrupt Link [LNKC] (IRQs 5 *9 10 11)
[    0.762703] ACPI: PCI Interrupt Link [LNKD] (IRQs 5 9 10 *11)
[    0.764946] ACPI: Enabled 2 GPEs in block 00 to 07
[    0.766905] vgaarb: setting as boot device: PCI:0000:00:02.0
[    0.768471] vgaarb: device added: PCI:0000:00:02.0,decodes=io+mem,owns=io+mem,locks=none
[    0.771043] vgaarb: loaded
[    0.772107] vgaarb: bridge control possible 0000:00:02.0
[    0.774056] SCSI subsystem initialized
[    0.781661] ACPI: bus type USB registered
[    0.787453] usbcore: registered new interface driver usbfs
[    0.789051] usbcore: registered new interface driver hub
[    0.790734] usbcore: registered new device driver usb
[    0.792427] PCI: Using ACPI for IRQ routing
[    0.796809] NetLabel: Initializing
[    0.798199] NetLabel:  domain hash size = 128
[    0.799858] NetLabel:  protocols = UNLABELED CIPSOv4
[    0.801513] NetLabel:  unlabeled traffic allowed by default
[    0.803692] amd_nb: Cannot enumerate AMD northbridges
[    0.805636] clocksource: Switched to clocksource kvm-clock
[    0.821077] AppArmor: AppArmor Filesystem Enabled
[    0.822570] pnp: PnP ACPI init
[    0.824746] pnp: PnP ACPI: found 3 devices
[    0.837454] clocksource: acpi_pm: mask: 0xffffff max_cycles: 0xffffff, max_idle_ns: 2085701024 ns
[    0.840798] NET: Registered protocol family 2
[    0.842705] TCP established hash table entries: 8192 (order: 4, 65536 bytes)
[    0.845107] TCP bind hash table entries: 8192 (order: 5, 131072 bytes)
[    0.847176] TCP: Hash tables configured (established 8192 bind 8192)
[    0.848874] UDP hash table entries: 512 (order: 2, 16384 bytes)
[    0.850478] UDP-Lite hash table entries: 512 (order: 2, 16384 bytes)
[    0.852587] NET: Registered protocol family 1
[    0.854229] pci 0000:00:00.0: Limiting direct PCI/PCI transfers
[    0.856367] pci 0000:00:01.0: Activating ISA DMA hang workarounds
[    0.858711] Unpacking initramfs...
[    1.129918] Freeing initrd memory: 15428K
[    1.131394] clocksource: tsc: mask: 0xffffffffffffffff max_cycles: 0x29dc079b5d9, max_idle_ns: 440795223751 ns
[    1.134687] platform rtc_cmos: registered platform RTC device (no PNP device found)
[    1.137247] Scanning for low memory corruption every 60 seconds
[    1.139406] audit: initializing netlink subsys (disabled)
[    1.141029] audit: type=2000 audit(1588151982.946:1): initialized
[    1.143202] Initialise system trusted keyring
[    1.144786] HugeTLB registered 2 MB page size, pre-allocated 0 pages
[    1.148649] zbud: loaded
[    1.150056] VFS: Disk quotas dquot_6.6.0
[    1.151451] VFS: Dquot-cache hash table entries: 512 (order 0, 4096 bytes)
[    1.153666] squashfs: version 4.0 (2009/01/31) Phillip Lougher
[    1.155848] fuse init (API version 7.23)
[    1.157672] Key type big_key registered
[    1.158960] Allocating IMA MOK and blacklist keyrings.
[    1.162267] Key type asymmetric registered
[    1.163576] Asymmetric key parser 'x509' registered
[    1.165071] Block layer SCSI generic (bsg) driver version 0.4 loaded (major 249)
[    1.168202] io scheduler noop registered
[    1.169523] io scheduler deadline registered (default)
[    1.171144] io scheduler cfq registered
[    1.172514] pci_hotplug: PCI Hot Plug PCI Core version: 0.5
[    1.174192] pciehp: PCI Express Hot Plug Controller Driver version: 0.4
[    1.176467] ACPI: AC Adapter [AC] (on-line)
[    1.177931] input: Power Button as /devices/LNXSYSTM:00/LNXPWRBN:00/input/input0
[    1.180454] ACPI: Power Button [PWRF]
[    1.181748] input: Sleep Button as /devices/LNXSYSTM:00/LNXSLPBN:00/input/input1
[    1.184064] ACPI: Sleep Button [SLPF]
[    1.186311] GHES: HEST is not enabled!
[    1.188105] Serial: 8250/16550 driver, 32 ports, IRQ sharing enabled
[    1.189900] ACPI: Battery Slot [BAT0] (battery present)
[    1.212282] 00:02: ttyS0 at I/O 0x3f8 (irq = 4, base_baud = 115200) is a 16550A
[    1.216028] Linux agpgart interface v0.103
[    1.223468] loop: module loaded
[    1.225744] scsi host0: ata_piix
[    1.227206] scsi host1: ata_piix
[    1.228397] ata1: PATA max UDMA/33 cmd 0x1f0 ctl 0x3f6 bmdma 0xd000 irq 14
[    1.230276] ata2: PATA max UDMA/33 cmd 0x170 ctl 0x376 bmdma 0xd008 irq 15
[    1.232330] libphy: Fixed MDIO Bus: probed
[    1.233884] tun: Universal TUN/TAP device driver, 1.6
[    1.235370] tun: (C) 1999-2004 Max Krasnyansky <maxk@qualcomm.com>
[    1.237474] PPP generic driver version 2.4.2
[    1.239063] ehci_hcd: USB 2.0 'Enhanced' Host Controller (EHCI) Driver
[    1.240941] ehci-pci: EHCI PCI platform driver
[    1.242473] ehci-platform: EHCI generic platform driver
[    1.244037] ohci_hcd: USB 1.1 'Open' Host Controller (OHCI) Driver
[    1.245885] ohci-pci: OHCI PCI platform driver
[    1.247689] ohci-platform: OHCI generic platform driver
[    1.249377] uhci_hcd: USB Universal Host Controller Interface driver
[    1.251460] i8042: PNP: PS/2 Controller [PNP0303:PS2K,PNP0f03:PS2M] at 0x60,0x64 irq 1,12
[    1.254648] serio: i8042 KBD port at 0x60,0x64 irq 1
[    1.256233] serio: i8042 AUX port at 0x60,0x64 irq 12
[    1.258084] mousedev: PS/2 mouse device common for all mice
[    1.260229] rtc_cmos rtc_cmos: rtc core: registered rtc_cmos as rtc0
[    1.262101] input: AT Translated Set 2 keyboard as /devices/platform/i8042/serio0/input/input2
[    1.264816] rtc_cmos rtc_cmos: alarms up to one day, 114 bytes nvram
[    1.266746] i2c /dev entries driver
[    1.268320] device-mapper: uevent: version 1.0.3
[    1.269919] device-mapper: ioctl: 4.34.0-ioctl (2015-10-28) initialised: dm-devel@redhat.com
[    1.272526] ledtrig-cpu: registered to indicate activity on CPUs
[    1.274887] NET: Registered protocol family 10
[    1.276608] NET: Registered protocol family 17
[    1.278168] Key type dns_resolver registered
[    1.279977] registered taskstats version 1
[    1.281281] Loading compiled-in X.509 certificates
[    1.283515] Loaded X.509 cert 'Build time autogenerated kernel key: a048edf52b07f04005c7780de0f875c713550332'
[    1.286721] zswap: loaded using pool lzo/zbud
[    1.290888] Key type trusted registered
[    1.296681] Key type encrypted registered
[    1.298541] AppArmor: AppArmor sha1 policy hashing enabled
[    1.300114] ima: No TPM chip found, activating TPM-bypass!
[    1.301687] ima: Allocated hash algorithm: sha1
[    1.303216] evm: HMAC attrs: 0x1
[    1.304890]   Magic number: 0:392:324
[    1.306113] tty tty49: hash matches
[    1.307562] acpi PNP0B00:00: hash matches
[    1.309067] rtc_cmos rtc_cmos: setting system clock to 2020-04-29 09:19:36 UTC (1588151976)
[    1.311975] BIOS EDD facility v0.16 2004-Jun-25, 0 devices found
[    1.313679] EDD information not available.
[    1.535772] Freeing unused kernel memory: 1488K
[    1.537583] Write protecting the kernel read-only data: 14336k
[    1.540595] Freeing unused kernel memory: 1604K
[    1.542955] Freeing unused kernel memory: 60K
Loading, please wait...
starting version 229
[    1.568926] random: systemd-udevd: uninitialized urandom read (16 bytes read, 3 bits of entropy available)
[    1.569645] random: udevadm: uninitialized urandom read (16 bytes read, 3 bits of entropy available)
[    1.569669] random: udevadm: uninitialized urandom read (16 bytes read, 3 bits of entropy available)
[    1.581197] random: systemd-udevd: uninitialized urandom read (16 bytes read, 3 bits of entropy available)
[    1.585230] random: udevadm: uninitialized urandom read (16 bytes read, 3 bits of entropy available)
[    1.585296] random: udevadm: uninitialized urandom read (16 bytes read, 3 bits of entropy available)
[    1.585516] random: udevadm: uninitialized urandom read (16 bytes read, 3 bits of entropy available)
[    1.585596] random: udevadm: uninitialized urandom read (16 bytes read, 3 bits of entropy available)
[    1.585728] random: udevadm: uninitialized urandom read (16 bytes read, 3 bits of entropy available)
[    1.585815] random: udevadm: uninitialized urandom read (16 bytes read, 3 bits of entropy available)
[    1.672757] e1000: Intel(R) PRO/1000 Network Driver - version 7.3.21-k8-NAPI
[    1.675721] e1000: Copyright (c) 1999-2006 Intel Corporation.
[    1.688828] Fusion MPT base driver 3.04.20
[    1.690992] Copyright (c) 1999-2008 LSI Corporation
[    1.723924] AVX2 version of gcm_enc/dec engaged.
[    1.727994] AES CTR mode by8 optimization enabled
[    1.749509] Fusion MPT SPI Host driver 3.04.20
[    1.920028] input: ImExPS/2 Generic Explorer Mouse as /devices/platform/i8042/serio1/input/input4
[    2.203955] e1000 0000:00:03.0 eth0: (PCI:33MHz:32-bit) 02:90:e9:96:cf:60
[    2.206207] e1000 0000:00:03.0 eth0: Intel(R) PRO/1000 Network Connection
[    2.210285] mptbase: ioc0: Initiating bringup
[    2.274233] ioc0: LSI53C1030 A0: Capabilities={Initiator}
[    2.436228] scsi host2: ioc0: LSI53C1030 A0, FwRev=00000000h, Ports=1, MaxQ=256, IRQ=20
[    2.551685] scsi 2:0:0:0: Direct-Access     VBOX     HARDDISK         1.0  PQ: 0 ANSI: 5
[    2.554964] scsi target2:0:0: Beginning Domain Validation
[    2.558564] scsi target2:0:0: Domain Validation skipping write tests
[    2.560593] scsi target2:0:0: Ending Domain Validation
[    2.562989] scsi target2:0:0: asynchronous
[    2.565193] scsi 2:0:1:0: Direct-Access     VBOX     HARDDISK         1.0  PQ: 0 ANSI: 5
[    2.569772] scsi target2:0:1: Beginning Domain Validation
[    2.573372] scsi target2:0:1: Domain Validation skipping write tests
[    2.575772] scsi target2:0:1: Ending Domain Validation
[    2.601905] scsi target2:0:1: asynchronous
[    2.619277] sd 2:0:0:0: Attached scsi generic sg0 type 0
[    2.621989] sd 2:0:1:0: Attached scsi generic sg1 type 0
[    2.625377] sd 2:0:0:0: [sda] 20971520 512-byte logical blocks: (10.7 GB/10.0 GiB)
[    2.631089] sd 2:0:1:0: [sdb] 20480 512-byte logical blocks: (10.5 MB/10.0 MiB)
[    2.635857] sd 2:0:1:0: [sdb] Write Protect is off
[    2.638280] sd 2:0:0:0: [sda] Write Protect is off
[    2.641004] sd 2:0:1:0: [sdb] Incomplete mode parameter data
[    2.643867] sd 2:0:1:0: [sdb] Assuming drive cache: write through
[    2.647249] sd 2:0:0:0: [sda] Incomplete mode parameter data
[    2.650062] sd 2:0:0:0: [sda] Assuming drive cache: write through
[    2.686020]  sda: sda1
[    2.694050] sd 2:0:1:0: [sdb] Attached SCSI disk
[    2.696121] sd 2:0:0:0: [sda] Attached SCSI disk
[    3.031321] e1000 0000:00:08.0 eth1: (PCI:33MHz:32-bit) 08:00:27:4b:02:bd
[    3.032790] e1000 0000:00:08.0 eth1: Intel(R) PRO/1000 Network Connection
[    3.035401] e1000 0000:00:08.0 enp0s8: renamed from eth1
[    3.046074] e1000 0000:00:03.0 enp0s3: renamed from eth0
Begin: Loading essential drivers ... [    4.510543] md: linear personality registered for level -1
[    4.514318] md: multipath personality registered for level -4
[    4.519541] md: raid0 personality registered for level 0
[    4.526259] md: raid1 personality registered for level 1
[    4.597788] raid6: sse2x1   gen()  9449 MB/s
[    4.666149] raid6: sse2x1   xor()  7457 MB/s
[    4.733983] raid6: sse2x2   gen() 14629 MB/s
[    4.801883] raid6: sse2x2   xor()  8628 MB/s
[    4.870188] raid6: sse2x4   gen() 12875 MB/s
[    4.938048] raid6: sse2x4   xor()  9449 MB/s
[    5.005842] raid6: avx2x1   gen() 22644 MB/s
[    5.073705] raid6: avx2x2   gen() 24935 MB/s
[    5.142063] raid6: avx2x4   gen() 29311 MB/s
[    5.143270] raid6: using algorithm avx2x4 gen() 29311 MB/s
[    5.144497] raid6: using avx2x2 recovery algorithm
[    5.146993] xor: automatically using best checksumming function:
[    5.186039]    avx       : 25110.000 MB/sec
[    5.188700] async_tx: api initialized (async)
[    5.200155] md: raid6 personality registered for level 6
[    5.201862] md: raid5 personality registered for level 5
[    5.203182] md: raid4 personality registered for level 4
[    5.210918] md: raid10 personality registered for level 10
done.
Begin: Running /scripts/init-premount ... done.
Begin: Mounting root file system ... Begin: Running /scripts/local-top ... done.
Begin: Running /scripts/local-premount ... [    5.243749] Btrfs loaded
Scanning for Btrfs filesystems
done.
Warning: fsck not present, so skipping root file system
[    5.294207] EXT4-fs (sda1): INFO: recovery required on readonly filesystem
[    5.295886] EXT4-fs (sda1): write access will be enabled during recovery
[    5.689816] random: nonblocking pool is initialized
[    5.731689] EXT4-fs (sda1): orphan cleanup on readonly fs
[    5.886757] EXT4-fs (sda1): 1 orphan inode deleted
[    5.888445] EXT4-fs (sda1): recovery complete
[    5.890910] EXT4-fs (sda1): mounted filesystem with ordered data mode. Opts: (null)
done.
Begin: Running /scripts/local-bottom ... done.
Begin: Running /scripts/init-bottom ... done.
[    7.199129] systemd[1]: systemd 229 running in system mode. (+PAM +AUDIT +SELINUX +IMA +APPARMOR +SMACK +SYSVINIT +UTMP +LIBCRYPTSETUP +GCRYPT +GNUTLS +ACL +XZ -LZ4 +SECCOMP +BLKID +ELFUTILS +KMOD -IDN)
[    7.204262] systemd[1]: Detected virtualization oracle.
[    7.205718] systemd[1]: Detected architecture x86-64.

Welcome to [1mUbuntu 16.04.6 LTS[0m!

[    7.263685] systemd[1]: Set hostname to <ubuntu-xenial>.
[    8.915012] systemd[1]: Set up automount Arbitrary Executable File Formats File System Automount Point.
[[0;32m  OK  [0m] Set up automount Arbitrary Executab...ats File System Automount Point.
[    8.919801] systemd[1]: Listening on /dev/initctl Compatibility Named Pipe.
[[0;32m  OK  [0m] Listening on /dev/initctl Compatibility Named Pipe.
[    8.922576] systemd[1]: Listening on LVM2 metadata daemon socket.
[[0;32m  OK  [0m] Listening on LVM2 metadata daemon socket.
[    8.925016] systemd[1]: Reached target User and Group Name Lookups.
[[0;32m  OK  [0m] Reached target User and Group Name Lookups.
[    8.934571] systemd[1]: Listening on Device-mapper event daemon FIFOs.
[[0;32m  OK  [0m] Listening on Device-mapper event daemon FIFOs.
[    8.942414] systemd[1]: Listening on Syslog Socket.
[[0;32m  OK  [0m] Listening on Syslog Socket.
[    8.945085] systemd[1]: Started Trigger resolvconf update for networkd DNS.
[[0;32m  OK  [0m] Started Trigger resolvconf update for networkd DNS.
[    8.949802] systemd[1]: Listening on udev Kernel Socket.
[[0;32m  OK  [0m] Listening on udev Kernel Socket.
[    8.953495] systemd[1]: Reached target System Time Synchronized.
[[0;32m  OK  [0m] Reached target System Time Synchronized.
[    8.956687] systemd[1]: Created slice User and Session Slice.
[[0;32m  OK  [0m] Created slice User and Session Slice.
[    8.959144] systemd[1]: Listening on Journal Audit Socket.
[[0;32m  OK  [0m] Listening on Journal Audit Socket.
[    8.961410] systemd[1]: Reached target Swap.
[[0;32m  OK  [0m] Reached target Swap.
[    8.963381] systemd[1]: Listening on Journal Socket (/dev/log).
[[0;32m  OK  [0m] Listening on Journal Socket (/dev/log).
[    8.965821] systemd[1]: Listening on udev Control Socket.
[[0;32m  OK  [0m] Listening on udev Control Socket.
[    8.969244] systemd[1]: Created slice System Slice.
[[0;32m  OK  [0m] Created slice System Slice.
[    8.971336] systemd[1]: Reached target Slices.
[[0;32m  OK  [0m] Reached target Slices.
[    8.973497] systemd[1]: Created slice system-serial\x2dgetty.slice.
[[0;32m  OK  [0m] Created slice system-serial\x2dgetty.slice.
[    8.976030] systemd[1]: Listening on LVM2 poll daemon socket.
[[0;32m  OK  [0m] Listening on LVM2 poll daemon socket.
[    8.978676] systemd[1]: Started Forward Password Requests to Wall Directory Watch.
[[0;32m  OK  [0m] Started Forward Password Requests to Wall Directory Watch.
[    8.981674] systemd[1]: Listening on Journal Socket.
[[0;32m  OK  [0m] Listening on Journal Socket.
[    8.998784] systemd[1]: Starting Monitoring of LVM2 mirrors, snapshots etc. using dmeventd or progress polling...
         Starting Monitoring of LVM2 mirrors... dmeventd or progress polling...
[    9.003167] systemd[1]: Starting Nameserver information manager...
         Starting Nameserver information manager...
[    9.006658] systemd[1]: Starting Remount Root and Kernel File Systems...
         Starting Remount Root and Kernel File Systems...
[    9.014378] systemd[1]: Mounting Huge Pages File System...
         Mounting Huge Pages File System...
[    9.022418] systemd[1]: Mounting POSIX Message Queue File System...
         Mounting POSIX Message Queue File System...
[    9.086195] systemd[1]: Starting Journal Service...
         Starting Journal Service...
[    9.146197] systemd[1]: Starting Load Kernel Modules...
         Starting Load Kernel Modules...
[    9.149487] systemd[1]: Starting Uncomplicated firewall...
         Starting Uncomplicated firewall...
[    9.156792] systemd[1]: Starting Set console keymap...
         Starting Set console keymap...
[    9.167378] systemd[1]: Created slice system-postgresql.slice.
[[0;32m  OK  [0m] Created slice system-postgresql.slice.
[    9.171776] systemd[1]: Reached target Encrypted Volumes.
[[0;32m  OK  [0m] Reached target Encrypted Volumes.
[    9.176714] systemd[1]: Starting Create list of required static device nodes for the current kernel...
         Starting Create list of required st... nodes for the current kernel...
[    9.180893] systemd[1]: Mounting Debug File System...
         Mounting Debug File System...
[    9.335715] systemd[1]: Mounted POSIX Message Queue File System.
[    9.336025] EXT4-fs (sda1): re-mounted. Opts: (null)
[[0;32m  OK  [0m] Mounted POSIX Message Queue File System.
[    9.343546] systemd[1]: Mounted Huge Pages File System.
[[0;32m  OK  [0m] Mounted Huge Pages File System.
[    9.346610] systemd[1]: Mounted Debug File System.
[[0;32m  OK  [0m] Mounted Debug File System.
[    9.367781] systemd[1]: Started Remount Root and Kernel File Systems.
[[0;32m  OK  [0m] Started Remount Root and Kernel File Systems.
[    9.372832] systemd[1]: Started Uncomplicated firewall.
[[0;32m  OK  [0m] Started Uncomplicated firewall.
[    9.377637] systemd[1]: Starting Load/Save Random Seed...
         Starting Load/Save Random Seed...
[    9.470413] Loading iSCSI transport class v2.0-870.
[    9.561807] systemd[1]: Starting udev Coldplug all Devices...
         Starting udev Coldplug all Devices...
[    9.566235] systemd[1]: Started Create list of required static device nodes for the current kernel.
[[0;32m  OK  [0m] Started Create list of required sta...ce nodes for the current kernel.
[    9.572079] systemd[1]: Started Nameserver information manager.
[[0;32m  OK  [0m] Started Nameserver information manager.
[    9.575648] systemd[1]: Started Load/Save Random Seed.
[[0;32m  OK  [0m] Started Load/Save Random Seed.
[    9.581505] systemd[1]: Starting Create Static Device Nodes in /dev...
         Starting Create Static Device Nodes in /dev...
[    9.584563] iscsi: registered transport (tcp)
[    9.660429] systemd[1]: Started udev Coldplug all Devices.
[[0;32m  OK  [0m] Started udev Coldplug all Devices.
[    9.693183] systemd[1]: Started Journal Service.
[[0;32m  OK  [0m] Started Journal Service.
         Starting Flush Journal to Persistent Storage...
[[0;32m  OK  [0m] Started Set console keymap.
[    9.758499] systemd-journald[392]: Received request to flush runtime journal from PID 1
[[0;32m  OK  [0m] Started Flush Journal to Persistent Storage.
[[0;32m  OK  [0m] Started LVM2 metadata daemon.
[    9.945850] iscsi: registered transport (iser)
[[0;32m  OK  [0m] Started Load Kernel Modules.
         Mounting FUSE Control File System...
         Starting Apply Kernel Variables...
[[0;32m  OK  [0m] Mounted FUSE Control File System.
[[0;32m  OK  [0m] Started Monitoring of LVM2 mirrors,...ng dmeventd or progress polling.
[[0;32m  OK  [0m] Started Apply Kernel Variables.
[[0;32m  OK  [0m] Started Create Static Device Nodes in /dev.
         Starting udev Kernel Device Manager...
[[0;32m  OK  [0m] Reached target Local File Systems (Pre).
[[0;32m  OK  [0m] Reached target Local File Systems.
         Starting Create Volatile Files and Directories...
         Starting Set console font and keymap...
         Starting Tell Plymouth To Write Out Runtime Data...
         Starting LSB: AppArmor initialization...
         Starting Initial cloud-init job (pre-networking)...
[[0;32m  OK  [0m] Started Tell Plymouth To Write Out Runtime Data.
[[0;32m  OK  [0m] Started Create Volatile Files and Directories.
         Starting Update UTMP about System Boot/Shutdown...
[[0;32m  OK  [0m] Started Update UTMP about System Boot/Shutdown.
[[0;32m  OK  [0m] Started udev Kernel Device Manager.
[[0;32m  OK  [0m] Started Dispatch Password Requests to Console Directory Watch.
[[0;32m  OK  [0m] Started Set console font and keymap.
[[0;32m  OK  [0m] Created slice system-getty.slice.
[[0;32m  OK  [0m] Found device /dev/ttyS0.
[[0;32m  OK  [0m] Listening on Load/Save RF Kill Switch Status /dev/rfkill Watch.
[[0;32m  OK  [0m] Found device 82540EM Gigabit Ethern...r (PRO/1000 MT Desktop Adapter).
[[0;32m  OK  [0m] Found device 82540EM Gigabit Ethern...r (PRO/1000 MT Desktop Adapter).
[[0;32m  OK  [0m] Started LSB: AppArmor initialization.
[   17.731587] cloud-init[484]: Cloud-init v. 19.4-33-gbb4131a2-0ubuntu1~16.04.1 running 'init-local' at Wed, 29 Apr 2020 09:19:52 +0000. Up 16.94 seconds.
[[0;32m  OK  [0m] Started Initial cloud-init job (pre-networking).
[[0;32m  OK  [0m] Reached target Network (Pre).
[[0;32m  OK  [0m] Started ifup for enp0s8.
         Starting Raise network interfaces...
[[0;32m  OK  [0m] Started ifup for enp0s3.
[[0;32m  OK  [0m] Started Raise network interfaces.
         Starting Initial cloud-init job (metadata service crawler)...
[[0;32m  OK  [0m] Reached target Network.
[   19.387171] cloud-init[1081]: Cloud-init v. 19.4-33-gbb4131a2-0ubuntu1~16.04.1 running 'init' at Wed, 29 Apr 2020 09:19:54 +0000. Up 18.61 seconds.
[   19.389805] cloud-init[1081]: ci-info: ++++++++++++++++++++++++++++++++++++++Net device info++++++++++++++++++++++++++++++++++++++
[   19.392475] cloud-init[1081]: ci-info: +--------+------+----------------------------+---------------+--------+-------------------+
[   19.395192] cloud-init[1081]: ci-info: | Device |  Up  |          Address           |      Mask     | Scope  |     Hw-Address    |
[   19.398696] cloud-init[1081]: ci-info: +--------+------+----------------------------+---------------+--------+-------------------+
[   19.401864] cloud-init[1081]: ci-info: | enp0s3 | True |         10.0.2.15          | 255.255.255.0 | global | 02:90:e9:96:cf:60 |
[   19.405041] cloud-init[1081]: ci-info: | enp0s3 | True | fe80::90:e9ff:fe96:cf60/64 |       .       |  link  | 02:90:e9:96:cf:60 |
[   19.407940] cloud-init[1081]: ci-info: | enp0s8 | True |       192.168.33.10        | 255.255.255.0 | global | 08:00:27:4b:02:bd |
[   19.411415] cloud-init[1081]: ci-info: | enp0s8 | True | fe80::a00:27ff:fe4b:2bd/64 |       .       |  link  | 08:00:27:4b:02:bd |
[   19.413284] cloud-init[1081]: ci-info: |   lo   | True |         127.0.0.1          |   255.0.0.0   |  host  |         .         |
[   19.414844] cloud-init[1081]: ci-info: |   lo   | True |          ::1/128           |       .       |  host  |         .         |
[   19.416397] cloud-init[1081]: ci-info: +--------+------+----------------------------+---------------+--------+-------------------+
[   19.424446] cloud-init[1081]: ci-info: ++++++++++++++++++++++++++++Route IPv4 info++++++++++++++++++++++++++++
[   19.426304] cloud-init[1081]: ci-info: +-------+--------------+----------+---------------+-----------+-------+
[   19.441818] cloud-init[1081]: ci-info: | Route | Destination  | Gateway  |    Genmask    | Interface | Flags |
[   19.442226] cloud-init[1081]: ci-info: +-------+--------------+----------+---------------+-----------+-------+
[   19.442716] cloud-init[1081]: ci-info: |   0   |   0.0.0.0    | 10.0.2.2 |    0.0.0.0    |   enp0s3  |   UG  |
[   19.443262] cloud-init[1081]: ci-info: |   1   |   10.0.2.0   | 0.0.0.0  | 255.255.255.0 |   enp0s3  |   U   |
[   19.443814] cloud-init[1081]: ci-info: |   2   | 192.168.33.0 | 0.0.0.0  | 255.255.255.0 |   enp0s8  |   U   |
[   19.444377] cloud-init[1081]: ci-info: +-------+--------------+----------+---------------+-----------+-------+
[   19.444674] cloud-init[1081]: ci-info: +++++++++++++++++++Route IPv6 info+++++++++++++++++++
[   19.444866] cloud-init[1081]: ci-info: +-------+-------------+---------+-----------+-------+
[   19.445153] cloud-init[1081]: ci-info: | Route | Destination | Gateway | Interface | Flags |
[   19.445683] cloud-init[1081]: ci-info: +-------+-------------+---------+-----------+-------+
[   19.445954] cloud-init[1081]: ci-info: |   0   |  fe80::/64  |    ::   |   enp0s8  |   U   |
[   19.446300] cloud-init[1081]: ci-info: |   1   |  fe80::/64  |    ::   |   enp0s3  |   U   |
[   19.446738] cloud-init[1081]: ci-info: |   4   |   ff00::/8  |    ::   |   enp0s8  |   U   |
[   19.447335] cloud-init[1081]: ci-info: |   5   |   ff00::/8  |    ::   |   enp0s3  |   U   |
[   19.447838] cloud-init[1081]: ci-info: +-------+-------------+---------+-----------+-------+
[[0;32m  OK  [0m] Started Initial cloud-init job (metadata service crawler).
[[0;32m  OK  [0m] Reached target Network is Online.
         Starting iSCSI initiator daemon (iscsid)...
[[0;32m  OK  [0m] Reached target System Initialization.
[[0;32m  OK  [0m] Listening on ACPID Listen Socket.
[[0;32m  OK  [0m] Started Message of the Day.
[[0;32m  OK  [0m] Started Daily apt download activities.
[[0;32m  OK  [0m] Started Daily apt upgrade and clean activities.
[[0;32m  OK  [0m] Started Daily Cleanup of Temporary Directories.
         Starting Socket activation for snappy daemon.
[[0;32m  OK  [0m] Listening on D-Bus System Message Bus Socket.
[[0;32m  OK  [0m] Started ACPI Events Check.
[[0;32m  OK  [0m] Reached target Paths.
[[0;32m  OK  [0m] Listening on UUID daemon activation socket.
         Starting LXD - unix socket.
[[0;32m  OK  [0m] Reached target Timers.
[[0;32m  OK  [0m] Reached target Cloud-config availability.
[[0;32m  OK  [0m] Listening on Socket activation for snappy daemon.
[[0;32m  OK  [0m] Listening on LXD - unix socket.
[[0;32m  OK  [0m] Reached target Sockets.
[[0;32m  OK  [0m] Reached target Basic System.
[[0;32m  OK  [0m] Started D-Bus System Message Bus.
         Starting Login Service...
[[0;32m  OK  [0m] Started Deferred execution scheduler.
         Starting LSB: MD monitoring daemon...
         Starting Accounts Service...
[[0;32m  OK  [0m] Started Regular background program processing daemon.
         Starting vboxadd.service...
         Starting /etc/rc.local Compatibility...
         Starting LSB: Record successful boot for GRUB...
[[0;32m  OK  [0m] Started FUSE filesystem for LXC.
         Starting System Logging Service...
         Starting Message of the Day...
         Starting PostgreSQL Cluster 9.5-main...
         Starting OpenBSD Secure Shell server...
[[0;32m  OK  [0m] Started ACPI event daemon.
         Starting LXD - container startup/shutdown...
         Starting Snappy daemon...
[[0;32m  OK  [0m] Started iSCSI initiator daemon (iscsid).
[[0;32m  OK  [0m] Started /etc/rc.local Compatibility.
         Starting Login to default iSCSI targets...
[[0;32m  OK  [0m] Started Login Service.
[[0;32m  OK  [0m] Started Unattended Upgrades Shutdown.
[[0;32m  OK  [0m] Started LSB: Record successful boot for GRUB.
[[0;32m  OK  [0m] Started System Logging Service.
[[0;32m  OK  [0m] Started LSB: MD monitoring daemon.
[[0;32m  OK  [0m] Started Login to default iSCSI targets.
[[0;32m  OK  [0m] Reached target Remote File Systems (Pre).
[[0;32m  OK  [0m] Reached target Remote File Systems.
         Starting LSB: Set the CPU Frequency Scaling governor to "ondemand"...
         Starting Permit User Sessions...
         Starting LSB: Start/stop sysstat's sadc...
         Starting LSB: daemon to balance interrupts for SMP systems...
         Starting LSB: automatic crash report generation...
[[0;32m  OK  [0m] Started LSB: Set the CPU Frequency Scaling governor to "ondemand".
[[0;32m  OK  [0m] Started OpenBSD Secure Shell server.
[[0;32m  OK  [0m] Started Permit User Sessions.
         Starting Terminate Plymouth Boot Screen...
         Starting Hold until boot process finishes up...
[[0;32m  OK  [0m] Started Hold until boot process finishes up.
[[0;32m  OK  [0m] Started Terminate Plymouth Boot Screen.
[[0;32m  OK  [0m] Started Getty on tty1.
         Starting Set console scheme...
[[0;32m  OK  [0m] Started Serial Getty on ttyS0.
[[0;32m  OK  [0m] Reached target Login Prompts.
[[0;32m  OK  [0m] Started LSB: Start/stop sysstat's sadc.
[[0;32m  OK  [0m] Started LSB: daemon to balance interrupts for SMP systems.
[[0;32m  OK  [0m] Started LSB: automatic crash report generation.
[[0;32m  OK  [0m] Started Set console scheme.
         Starting Authenticate and Authorize Users to Run Privileged Tasks...
[[0;32m  OK  [0m] Started Authenticate and Authorize Users to Run Privileged Tasks.
[[0;32m  OK  [0m] Started Accounts Service.
[[0;32m  OK  [0m] Started LXD - container startup/shutdown.
[[0;32m  OK  [0m] Started Snappy daemon.
         Starting Wait until snapd is fully seeded...
[[0;32m  OK  [0m] Started Wait until snapd is fully seeded.
         Starting Apply the settings specified in cloud-config...
[   27.296841] cloud-init[1374]: Cloud-init v. 19.4-33-gbb4131a2-0ubuntu1~16.04.1 running 'modules:config' at Wed, 29 Apr 2020 09:20:02 +0000. Up 26.79 seconds.


Ubuntu 16.04.6 LTS ubuntu-xenial ttyS0

ubuntu-xenial login: [   35.162994] cloud-init[2237]: Cloud-init v. 19.4-33-gbb4131a2-0ubuntu1~16.04.1 running 'modules:final' at Wed, 29 Apr 2020 09:20:10 +0000. Up 34.98 seconds.
[   35.163431] cloud-init[2237]: Cloud-init v. 19.4-33-gbb4131a2-0ubuntu1~16.04.1 finished at Wed, 29 Apr 2020 09:20:10 +0000. Datasource DataSourceNoCloud [seed=/dev/sdb][dsmode=net].  Up 35.15 seconds
